127.0.0.1 - - [29/Nov/2018:19:07:01 +0800] "GET / HTTP/1.1" 200 11452
127.0.0.1 - - [29/Nov/2018:19:11:29 +0800] "GET / HTTP/1.1" 200 11452
0:0:0:0:0:0:0:1 - - [29/Nov/2018:19:12:08 +0800] "GET /myRequestAndResponse/myResponse HTTP/1.1" 404 1109
0:0:0:0:0:0:0:1 - - [29/Nov/2018:19:13:22 +0800] "GET / HTTP/1.1" 200 11452
0:0:0:0:0:0:0:1 - - [29/Nov/2018:19:13:22 +0800] "GET /tomcat.png HTTP/1.1" 200 5103
0:0:0:0:0:0:0:1 - - [29/Nov/2018:19:13:22 +0800] "GET /tomcat.css HTTP/1.1" 304 -
0:0:0:0:0:0:0:1 - - [29/Nov/2018:19:13:22 +0800] "GET /bg-middle.png HTTP/1.1" 200 1918
0:0:0:0:0:0:0:1 - - [29/Nov/2018:19:13:22 +0800] "GET /bg-upper.png HTTP/1.1" 200 3103
0:0:0:0:0:0:0:1 - - [29/Nov/2018:19:13:22 +0800] "GET /bg-button.png HTTP/1.1" 200 713
0:0:0:0:0:0:0:1 - - [29/Nov/2018:19:13:22 +0800] "GET /asf-logo-wide.svg HTTP/1.1" 200 27530
0:0:0:0:0:0:0:1 - - [29/Nov/2018:19:13:22 +0800] "GET /bg-nav.png HTTP/1.1" 200 1401
0:0:0:0:0:0:0:1 - - [29/Nov/2018:19:13:33 +0800] "GET /myRequestAndResponse/myResponse HTTP/1.1" 404 1109
0:0:0:0:0:0:0:1 - - [29/Nov/2018:19:13:36 +0800] "GET /myRequestAndRespons HTTP/1.1" 404 1093
0:0:0:0:0:0:0:1 - - [29/Nov/2018:19:14:02 +0800] "GET /myRequestAndResponse/myResponse HTTP/1.1" 404 1109
127.0.0.1 - - [29/Nov/2018:19:14:18 +0800] "GET / HTTP/1.1" 200 11452
127.0.0.1 - - [29/Nov/2018:19:14:27 +0800] "GET / HTTP/1.1" 200 11452
0:0:0:0:0:0:0:1 - - [29/Nov/2018:19:14:28 +0800] "GET /myRequestAndResponse/myResponse HTTP/1.1" 404 1109
0:0:0:0:0:0:0:1 - - [29/Nov/2018:19:14:29 +0800] "GET /myRequestAndResponse/myResponse HTTP/1.1" 404 1109
0:0:0:0:0:0:0:1 - - [29/Nov/2018:19:14:30 +0800] "GET /myRequestAndResponse/myResponse HTTP/1.1" 404 1109
0:0:0:0:0:0:0:1 - - [29/Nov/2018:19:14:30 +0800] "GET /myRequestAndResponse/myResponse HTTP/1.1" 404 1109
0:0:0:0:0:0:0:1 - - [29/Nov/2018:19:14:30 +0800] "GET /myRequestAndResponse/myResponse HTTP/1.1" 404 1109
0:0:0:0:0:0:0:1 - - [29/Nov/2018:19:14:42 +0800] "GET /MyRequestAndResponse/myResponse HTTP/1.1" 200 -
0:0:0:0:0:0:0:1 - - [29/Nov/2018:19:14:54 +0800] "GET /MyRequestAndResponse/myResponse HTTP/1.1" 200 -
0:0:0:0:0:0:0:1 - - [29/Nov/2018:19:17:06 +0800] "GET /hscs/ HTTP/1.1" 404 1083
0:0:0:0:0:0:0:1 - - [29/Nov/2018:19:20:16 +0800] "GET /MyRequestAndResponse/myResponse HTTP/1.1" 200 -
0:0:0:0:0:0:0:1 - - [29/Nov/2018:19:27:08 +0800] "GET /MyRequestAndResponse/myResponse HTTP/1.1" 200 -
127.0.0.1 - - [29/Nov/2018:19:28:18 +0800] "GET / HTTP/1.1" 200 11452
0:0:0:0:0:0:0:1 - - [29/Nov/2018:19:28:26 +0800] "GET /MyRequestAndResponse/myResponse HTTP/1.1" 404 1109
127.0.0.1 - - [29/Nov/2018:19:29:02 +0800] "GET / HTTP/1.1" 200 11452
0:0:0:0:0:0:0:1 - - [29/Nov/2018:19:29:08 +0800] "GET /MyRequestAndResponse/myResponse HTTP/1.1" 404 1109
0:0:0:0:0:0:0:1 - - [29/Nov/2018:19:29:09 +0800] "GET /MyRequestAndResponse/myResponse HTTP/1.1" 404 1109
127.0.0.1 - - [29/Nov/2018:19:29:34 +0800] "GET / HTTP/1.1" 200 11452
127.0.0.1 - - [29/Nov/2018:19:31:20 +0800] "GET / HTTP/1.1" 200 11452
127.0.0.1 - - [29/Nov/2018:19:33:54 +0800] "GET / HTTP/1.1" 200 11452
0:0:0:0:0:0:0:1 - - [29/Nov/2018:19:34:02 +0800] "GET /MyRequestAndResponse/myResponse HTTP/1.1" 200 -
127.0.0.1 - - [29/Nov/2018:19:34:34 +0800] "GET / HTTP/1.1" 200 11452
0:0:0:0:0:0:0:1 - - [29/Nov/2018:19:34:37 +0800] "GET /MyRequestAndResponse/myResponse HTTP/1.1" 200 -
127.0.0.1 - - [29/Nov/2018:19:35:02 +0800] "GET / HTTP/1.1" 200 11452
0:0:0:0:0:0:0:1 - - [29/Nov/2018:19:35:12 +0800] "GET /MyRequestAndResponse/myResponse HTTP/1.1" 500 1696
127.0.0.1 - - [29/Nov/2018:19:35:59 +0800] "GET / HTTP/1.1" 200 11452
0:0:0:0:0:0:0:1 - - [29/Nov/2018:19:36:04 +0800] "GET /MyRequestAndResponse/myResponse HTTP/1.1" 302 -
0:0:0:0:0:0:0:1 - - [29/Nov/2018:19:36:30 +0800] "GET /MyRequestAndResponse/myResponse HTTP/1.1" 302 -
0:0:0:0:0:0:0:1 - - [29/Nov/2018:19:36:47 +0800] "GET /MyRequestAndResponse/myServlet2 HTTP/1.1" 200 -
0:0:0:0:0:0:0:1 - - [29/Nov/2018:19:37:08 +0800] "GET /MyRequestAndResponse HTTP/1.1" 302 -
0:0:0:0:0:0:0:1 - - [29/Nov/2018:19:37:09 +0800] "GET /MyRequestAndResponse/ HTTP/1.1" 200 1547
0:0:0:0:0:0:0:1 - - [29/Nov/2018:19:37:43 +0800] "GET /MyRequestAndResponse/myResponse HTTP/1.1" 302 -
127.0.0.1 - - [29/Nov/2018:19:41:52 +0800] "GET / HTTP/1.1" 200 11452
0:0:0:0:0:0:0:1 - - [29/Nov/2018:19:42:02 +0800] "GET /MyRequestAndResponse/myResponse HTTP/1.1" 302 -
127.0.0.1 - - [29/Nov/2018:19:43:03 +0800] "GET / HTTP/1.1" 200 11452
0:0:0:0:0:0:0:1 - - [29/Nov/2018:19:43:06 +0800] "GET /MyRequestAndResponse/myResponse HTTP/1.1" 302 -
0:0:0:0:0:0:0:1 - - [29/Nov/2018:19:43:08 +0800] "GET /MyRequestAndResponse/myResponse HTTP/1.1" 302 -
0:0:0:0:0:0:0:1 - - [29/Nov/2018:19:43:09 +0800] "GET /MyRequestAndResponse/myResponse HTTP/1.1" 302 -
0:0:0:0:0:0:0:1 - - [29/Nov/2018:19:43:09 +0800] "GET /MyRequestAndResponse/myResponse HTTP/1.1" 302 -
0:0:0:0:0:0:0:1 - - [29/Nov/2018:19:43:10 +0800] "GET /MyRequestAndResponse/myResponse HTTP/1.1" 302 -
0:0:0:0:0:0:0:1 - - [29/Nov/2018:19:43:10 +0800] "GET /MyRequestAndResponse/myResponse HTTP/1.1" 302 -
0:0:0:0:0:0:0:1 - - [29/Nov/2018:19:43:10 +0800] "GET /MyRequestAndResponse/myResponse HTTP/1.1" 302 -
0:0:0:0:0:0:0:1 - - [29/Nov/2018:19:43:29 +0800] "GET /MyRequestAndResponse/myServlet2 HTTP/1.1" 200 -
0:0:0:0:0:0:0:1 - - [29/Nov/2018:19:43:34 +0800] "GET /MyRequestAndResponse/myServlet2 HTTP/1.1" 200 -
0:0:0:0:0:0:0:1 - - [29/Nov/2018:19:43:43 +0800] "GET /MyRequestAndResponse/myResponse HTTP/1.1" 302 -
127.0.0.1 - - [29/Nov/2018:19:44:54 +0800] "GET / HTTP/1.1" 200 11452
0:0:0:0:0:0:0:1 - - [29/Nov/2018:19:45:01 +0800] "GET /MyRequestAndResponse/myResponse HTTP/1.1" 302 -
127.0.0.1 - - [29/Nov/2018:19:46:26 +0800] "GET / HTTP/1.1" 200 11452
0:0:0:0:0:0:0:1 - - [29/Nov/2018:19:46:39 +0800] "GET /MyRequestAndResponse/myResponse HTTP/1.1" 302 -
0:0:0:0:0:0:0:1 - - [29/Nov/2018:19:49:49 +0800] "GET /MyRequestAndResponse/myResponse HTTP/1.1" 302 -
0:0:0:0:0:0:0:1 - - [29/Nov/2018:19:51:38 +0800] "GET /MyRequestAndResponse/myResponse HTTP/1.1" 302 -
0:0:0:0:0:0:0:1 - - [29/Nov/2018:19:51:42 +0800] "GET /MyRequestAndResponse/myResponse HTTP/1.1" 302 -
127.0.0.1 - - [29/Nov/2018:19:52:19 +0800] "GET / HTTP/1.1" 200 11452
127.0.0.1 - - [29/Nov/2018:19:52:31 +0800] "GET / HTTP/1.1" 200 11452
0:0:0:0:0:0:0:1 - - [29/Nov/2018:19:52:44 +0800] "GET /MyRequestAndResponse/myResponse HTTP/1.1" 302 -
127.0.0.1 - - [29/Nov/2018:19:53:04 +0800] "GET / HTTP/1.1" 200 11452
127.0.0.1 - - [29/Nov/2018:19:54:47 +0800] "GET / HTTP/1.1" 200 11452
0:0:0:0:0:0:0:1 - - [29/Nov/2018:19:55:15 +0800] "GET /MyRequestAndResponse/myResponse HTTP/1.1" 302 -
0:0:0:0:0:0:0:1 - - [29/Nov/2018:19:55:15 +0800] "GET /MyRequestAndResponse/myServlet2 HTTP/1.1" 200 -
0:0:0:0:0:0:0:1 - - [29/Nov/2018:19:55:46 +0800] "GET /MyRequestAndResponse/ HTTP/1.1" 200 1547
0:0:0:0:0:0:0:1 - - [29/Nov/2018:19:56:00 +0800] "GET /MyRequestAndResponse/myResponse HTTP/1.1" 302 -
0:0:0:0:0:0:0:1 - - [29/Nov/2018:19:56:00 +0800] "GET /MyRequestAndResponse/myServlet2 HTTP/1.1" 200 -
0:0:0:0:0:0:0:1 - - [29/Nov/2018:19:56:27 +0800] "GET /MyRequestAndResponse/myServlet2 HTTP/1.1" 200 -
0:0:0:0:0:0:0:1 - - [29/Nov/2018:19:56:27 +0800] "GET /favicon.ico HTTP/1.1" 200 21630
0:0:0:0:0:0:0:1 - - [29/Nov/2018:19:56:49 +0800] "GET /MyRequestAndResponse/myServlet2 HTTP/1.1" 200 -
0:0:0:0:0:0:0:1 - - [29/Nov/2018:19:56:49 +0800] "GET /favicon.ico HTTP/1.1" 304 -
127.0.0.1 - - [29/Nov/2018:19:58:34 +0800] "GET / HTTP/1.1" 200 11452
0:0:0:0:0:0:0:1 - - [29/Nov/2018:19:58:46 +0800] "GET /MyRequestAndResponse/myServlet2 HTTP/1.1" 200 -
0:0:0:0:0:0:0:1 - - [29/Nov/2018:19:59:02 +0800] "GET /MyRequestAndResponse/myResponse HTTP/1.1" 302 -
0:0:0:0:0:0:0:1 - - [29/Nov/2018:19:59:02 +0800] "GET /MyRequestAndResponse/myServlet2 HTTP/1.1" 200 -
0:0:0:0:0:0:0:1 - - [29/Nov/2018:19:59:35 +0800] "GET /MyRequestAndResponse/my HTTP/1.1" 404 1101
0:0:0:0:0:0:0:1 - - [29/Nov/2018:19:59:54 +0800] "GET /MyRequestAndResponse/myResponse HTTP/1.1" 302 -
0:0:0:0:0:0:0:1 - - [29/Nov/2018:19:59:54 +0800] "GET /MyRequestAndResponse/myServlet2 HTTP/1.1" 200 -
0:0:0:0:0:0:0:1 - - [29/Nov/2018:19:59:59 +0800] "GET /MyRequestAndResponse/myServlet2 HTTP/1.1" 200 -
0:0:0:0:0:0:0:1 - - [29/Nov/2018:19:59:59 +0800] "GET /favicon.ico HTTP/1.1" 304 -
0:0:0:0:0:0:0:1 - - [29/Nov/2018:20:00:04 +0800] "GET /MyRequestAndResponse/myResponse HTTP/1.1" 302 -
0:0:0:0:0:0:0:1 - - [29/Nov/2018:20:00:04 +0800] "GET /MyRequestAndResponse/myServlet2 HTTP/1.1" 200 -
127.0.0.1 - - [29/Nov/2018:20:02:28 +0800] "GET / HTTP/1.1" 200 11452
0:0:0:0:0:0:0:1 - - [29/Nov/2018:20:02:40 +0800] "GET /MyRequestAndResponse/myServlet3 HTTP/1.1" 200 -
127.0.0.1 - - [29/Nov/2018:20:06:19 +0800] "GET / HTTP/1.1" 200 11452
0:0:0:0:0:0:0:1 - - [29/Nov/2018:20:06:28 +0800] "GET /MyRequestAndResponse/myServlet3 HTTP/1.1" 200 15
127.0.0.1 - - [29/Nov/2018:20:06:49 +0800] "GET / HTTP/1.1" 200 11452
0:0:0:0:0:0:0:1 - - [29/Nov/2018:20:06:49 +0800] "GET /MyRequestAndResponse/myServlet3 HTTP/1.1" 200 15
127.0.0.1 - - [29/Nov/2018:20:08:54 +0800] "GET / HTTP/1.1" 200 11452
0:0:0:0:0:0:0:1 - - [29/Nov/2018:20:09:00 +0800] "GET /MyRequestAndResponse/myServlet3 HTTP/1.1" 200 15
0:0:0:0:0:0:0:1 - - [29/Nov/2018:20:09:02 +0800] "GET /MyRequestAndResponse/myServlet3 HTTP/1.1" 200 15
0:0:0:0:0:0:0:1 - - [29/Nov/2018:20:09:08 +0800] "GET /MyRequestAndResponse/myServlet3 HTTP/1.1" 200 15
127.0.0.1 - - [29/Nov/2018:20:10:32 +0800] "GET / HTTP/1.1" 200 11452
0:0:0:0:0:0:0:1 - - [29/Nov/2018:20:10:32 +0800] "GET /MyRequestAndResponse/myServlet3 HTTP/1.1" 200 15
0:0:0:0:0:0:0:1 - - [29/Nov/2018:20:10:34 +0800] "GET /MyRequestAndResponse/myServlet3 HTTP/1.1" 200 15
0:0:0:0:0:0:0:1 - - [29/Nov/2018:20:10:56 +0800] "GET /MyRequestAndResponse/myServlet3 HTTP/1.1" 200 15
127.0.0.1 - - [29/Nov/2018:20:13:23 +0800] "GET / HTTP/1.1" 200 11452
0:0:0:0:0:0:0:1 - - [29/Nov/2018:20:13:25 +0800] "GET /MyRequestAndResponse/index.jsp HTTP/1.1" 200 1547
127.0.0.1 - - [29/Nov/2018:20:14:01 +0800] "GET / HTTP/1.1" 200 11452
0:0:0:0:0:0:0:1 - - [29/Nov/2018:20:14:09 +0800] "GET /MyRequestAndResponse/index.jsp HTTP/1.1" 200 1547
0:0:0:0:0:0:0:1 - - [29/Nov/2018:20:14:13 +0800] "GET /MyRequestAndResponse/index.jsp HTTP/1.1" 200 1547
0:0:0:0:0:0:0:1 - - [29/Nov/2018:20:14:22 +0800] "GET /MyRequestAndResponse/index.jsp HTTP/1.1" 200 1547
127.0.0.1 - - [29/Nov/2018:20:15:28 +0800] "GET / HTTP/1.1" 200 11452
0:0:0:0:0:0:0:1 - - [29/Nov/2018:20:15:31 +0800] "GET /MyRequestAndResponse/index.jsp HTTP/1.1" 200 1547
0:0:0:0:0:0:0:1 - - [29/Nov/2018:20:15:33 +0800] "GET /MyRequestAndResponse/?username=%E7%94%A8%E6%88%B7%E5%90%8D&username=%E5%AF%86%E7%A0%81 HTTP/1.1" 200 1547
127.0.0.1 - - [29/Nov/2018:20:17:51 +0800] "GET / HTTP/1.1" 200 11452
0:0:0:0:0:0:0:1 - - [29/Nov/2018:20:17:52 +0800] "GET /MyRequestAndResponse/?username=%E7%94%A8%E6%88%B7%E5%90%8D&username=%E5%AF%86%E7%A0%81 HTTP/1.1" 200 1547
0:0:0:0:0:0:0:1 - - [29/Nov/2018:20:18:02 +0800] "GET /MyRequestAndResponse/?username=sadfa&username=asf HTTP/1.1" 200 1547
127.0.0.1 - - [29/Nov/2018:20:19:14 +0800] "GET / HTTP/1.1" 200 11452
0:0:0:0:0:0:0:1 - - [29/Nov/2018:20:19:24 +0800] "GET /MyRequestAndResponse/?username=sadfa&username=asf HTTP/1.1" 200 1590
0:0:0:0:0:0:0:1 - - [29/Nov/2018:20:19:32 +0800] "GET /MyRequestAndResponse/myRequest?username=ssdfa&username= HTTP/1.1" 200 -
127.0.0.1 - - [29/Nov/2018:20:33:39 +0800] "GET / HTTP/1.1" 200 11452
127.0.0.1 - - [29/Nov/2018:20:34:08 +0800] "GET / HTTP/1.1" 200 11452
0:0:0:0:0:0:0:1 - - [29/Nov/2018:20:34:40 +0800] "GET /MyRequestAndResponse/myRequest?username=ssdfa&username=fasdfasf HTTP/1.1" 200 -
0:0:0:0:0:0:0:1 - - [29/Nov/2018:20:35:18 +0800] "GET /MyRequestAndResponse/index.jsp HTTP/1.1" 200 1590
0:0:0:0:0:0:0:1 - - [29/Nov/2018:20:35:18 +0800] "GET /favicon.ico HTTP/1.1" 304 -
0:0:0:0:0:0:0:1 - - [29/Nov/2018:20:35:26 +0800] "GET /MyRequestAndResponse/myRequest?username=asdf&username=asdf HTTP/1.1" 200 -
0:0:0:0:0:0:0:1 - - [29/Nov/2018:20:36:01 +0800] "GET /MyRequestAndResponse/myRequest?username=roc&username=asdf HTTP/1.1" 200 -
127.0.0.1 - - [29/Nov/2018:20:37:51 +0800] "GET / HTTP/1.1" 200 11452
0:0:0:0:0:0:0:1 - - [29/Nov/2018:20:38:03 +0800] "GET /MyRequestAndResponse/myRequest?username=ssdfa&username=fasdfasf HTTP/1.1" 200 -
127.0.0.1 - - [29/Nov/2018:20:47:44 +0800] "GET / HTTP/1.1" 200 11452
0:0:0:0:0:0:0:1 - - [29/Nov/2018:20:48:05 +0800] "GET /MyRequestAndResponse/myRequest?username=ssdfa&username=fasdfasf HTTP/1.1" 200 -
127.0.0.1 - - [29/Nov/2018:20:48:32 +0800] "GET / HTTP/1.1" 200 11452
0:0:0:0:0:0:0:1 - - [29/Nov/2018:20:48:57 +0800] "GET /MyRequestAndResponse/index.jsp HTTP/1.1" 200 1590
0:0:0:0:0:0:0:1 - - [29/Nov/2018:20:48:57 +0800] "GET /MyRequestAndResponse/myRequest?username=roc&username=asdf HTTP/1.1" 200 -
127.0.0.1 - - [29/Nov/2018:20:54:38 +0800] "GET / HTTP/1.1" 200 11452
0:0:0:0:0:0:0:1 - - [29/Nov/2018:20:54:47 +0800] "GET /MyRequestAndResponse/myRequest2 HTTP/1.1" 404 1109
127.0.0.1 - - [29/Nov/2018:20:59:37 +0800] "GET / HTTP/1.1" 200 11452
0:0:0:0:0:0:0:1 - - [29/Nov/2018:20:59:46 +0800] "GET /MyRequestAndResponse/myRequest2 HTTP/1.1" 200 -
0:0:0:0:0:0:0:1 - - [29/Nov/2018:21:00:46 +0800] "GET /MyRequestAndResponse/myRequest3 HTTP/1.1" 404 1109
0:0:0:0:0:0:0:1 - - [29/Nov/2018:21:00:52 +0800] "GET /MyRequestAndResponse/myRequest=3 HTTP/1.1" 500 1386
0:0:0:0:0:0:0:1 - - [29/Nov/2018:21:00:56 +0800] "GET /MyRequestAndResponse/myRequest3 HTTP/1.1" 404 1109
0:0:0:0:0:0:0:1 - - [29/Nov/2018:21:01:12 +0800] "GET /MyRequestAndResponse/myRequest3 HTTP/1.1" 404 1109
127.0.0.1 - - [29/Nov/2018:21:03:07 +0800] "GET / HTTP/1.1" 200 11452
0:0:0:0:0:0:0:1 - - [29/Nov/2018:21:03:20 +0800] "GET /MyRequestAndResponse/myRequest2 HTTP/1.1" 200 -
127.0.0.1 - - [29/Nov/2018:21:04:08 +0800] "GET / HTTP/1.1" 200 11452
0:0:0:0:0:0:0:1 - - [29/Nov/2018:21:04:22 +0800] "GET /MyRequestAndResponse/myRequest2 HTTP/1.1" 200 -
127.0.0.1 - - [29/Nov/2018:21:12:28 +0800] "GET / HTTP/1.1" 200 11452
127.0.0.1 - - [29/Nov/2018:21:12:44 +0800] "GET / HTTP/1.1" 200 11452
0:0:0:0:0:0:0:1 - - [29/Nov/2018:21:13:19 +0800] "GET /MyCookieAndSession/myServlet HTTP/1.1" 404 1106
0:0:0:0:0:0:0:1 - - [29/Nov/2018:21:13:37 +0800] "GET /MyCookieAndRequest/myServlet HTTP/1.1" 404 1106
0:0:0:0:0:0:0:1 - - [29/Nov/2018:21:14:16 +0800] "GET /MyCookieAndRequest/ HTTP/1.1" 200 1363
0:0:0:0:0:0:0:1 - - [29/Nov/2018:21:14:22 +0800] "GET /MyCookieAndRequest/myServlet HTTP/1.1" 404 1106
127.0.0.1 - - [29/Nov/2018:21:15:29 +0800] "GET / HTTP/1.1" 200 11452
0:0:0:0:0:0:0:1 - - [29/Nov/2018:21:15:39 +0800] "GET /MyCookieAndRequest/myServlet HTTP/1.1" 200 -
127.0.0.1 - - [29/Nov/2018:21:17:15 +0800] "GET / HTTP/1.1" 200 11452
0:0:0:0:0:0:0:1 - - [29/Nov/2018:21:17:38 +0800] "GET /MyCookieAndRequest/myServlet HTTP/1.1" 200 -
0:0:0:0:0:0:0:1 - - [29/Nov/2018:21:17:56 +0800] "GET /MyCookieAndRequest/myServlet HTTP/1.1" 200 -
0:0:0:0:0:0:0:1 - - [29/Nov/2018:21:18:26 +0800] "GET /MyCookieAndRequest/myServlet HTTP/1.1" 200 -
0:0:0:0:0:0:0:1 - - [29/Nov/2018:21:18:52 +0800] "GET /MyCookieAndRequest/myServlet2 HTTP/1.1" 404 1107
0:0:0:0:0:0:0:1 - - [29/Nov/2018:21:18:57 +0800] "GET /MyCookieAndRequest/myServlet2 HTTP/1.1" 404 1107
0:0:0:0:0:0:0:1 - - [29/Nov/2018:21:19:00 +0800] "GET /MyCookieAndRequest/myServlet2 HTTP/1.1" 404 1107
127.0.0.1 - - [29/Nov/2018:21:19:36 +0800] "GET / HTTP/1.1" 200 11452
0:0:0:0:0:0:0:1 - - [29/Nov/2018:21:19:53 +0800] "GET /MyCookieAndRequest/myServlet2 HTTP/1.1" 200 -
127.0.0.1 - - [29/Nov/2018:21:20:57 +0800] "GET / HTTP/1.1" 200 11452
0:0:0:0:0:0:0:1 - - [29/Nov/2018:21:21:05 +0800] "GET /MyCookieAndRequest/myServlet2 HTTP/1.1" 200 -
0:0:0:0:0:0:0:1 - - [29/Nov/2018:21:21:13 +0800] "GET /MyCookieAndRequest/myServlet2 HTTP/1.1" 200 -
0:0:0:0:0:0:0:1 - - [29/Nov/2018:21:21:19 +0800] "GET /MyCookieAndRequest/myServlet2 HTTP/1.1" 200 -
127.0.0.1 - - [29/Nov/2018:21:22:17 +0800] "GET / HTTP/1.1" 200 11452
0:0:0:0:0:0:0:1 - - [29/Nov/2018:21:22:57 +0800] "GET /MyCookieAndRequest/myServlet2 HTTP/1.1" 200 -
0:0:0:0:0:0:0:1 - - [29/Nov/2018:21:23:05 +0800] "GET /MyCookieAndRequest/myServlet2 HTTP/1.1" 200 -
0:0:0:0:0:0:0:1 - - [29/Nov/2018:21:23:16 +0800] "GET /MyCookieAndRequest/myServlet HTTP/1.1" 200 -
0:0:0:0:0:0:0:1 - - [29/Nov/2018:21:23:28 +0800] "GET /MyCookieAndRequest/myServlet HTTP/1.1" 200 -
0:0:0:0:0:0:0:1 - - [29/Nov/2018:21:23:42 +0800] "GET /MyCookieAndRequest/myServlet HTTP/1.1" 200 -
127.0.0.1 - - [29/Nov/2018:21:39:38 +0800] "GET / HTTP/1.1" 200 11452
0:0:0:0:0:0:0:1 - - [29/Nov/2018:21:40:19 +0800] "GET /MyCookieAndRequest/myServlet3 HTTP/1.1" 404 1107
127.0.0.1 - - [29/Nov/2018:21:41:12 +0800] "GET / HTTP/1.1" 200 11452
0:0:0:0:0:0:0:1 - - [29/Nov/2018:21:41:32 +0800] "GET /MyCookieAndRequest/myServlet3 HTTP/1.1" 500 1962
127.0.0.1 - - [29/Nov/2018:21:46:40 +0800] "GET / HTTP/1.1" 200 11452
0:0:0:0:0:0:0:1 - - [29/Nov/2018:21:46:52 +0800] "GET /MyCookieAndRequest/myServlet3 HTTP/1.1" 500 1962
127.0.0.1 - - [29/Nov/2018:21:47:39 +0800] "GET / HTTP/1.1" 200 11452
0:0:0:0:0:0:0:1 - - [29/Nov/2018:21:47:41 +0800] "GET /MyCookieAndRequest/myServlet3 HTTP/1.1" 500 1962
0:0:0:0:0:0:0:1 - - [29/Nov/2018:21:48:01 +0800] "GET /MyCookieAndRequest/myServlet3 HTTP/1.1" 500 1962
0:0:0:0:0:0:0:1 - - [29/Nov/2018:21:48:09 +0800] "GET /MyCookieAndRequest/myServlet3 HTTP/1.1" 500 1962
0:0:0:0:0:0:0:1 - - [29/Nov/2018:21:48:09 +0800] "GET /favicon.ico HTTP/1.1" 304 -
127.0.0.1 - - [29/Nov/2018:21:48:47 +0800] "GET / HTTP/1.1" 200 11452
0:0:0:0:0:0:0:1 - - [29/Nov/2018:21:48:50 +0800] "GET /MyCookieAndRequest/myServlet3 HTTP/1.1" 500 1962
127.0.0.1 - - [29/Nov/2018:21:51:03 +0800] "GET / HTTP/1.1" 200 11452
0:0:0:0:0:0:0:1 - - [29/Nov/2018:21:51:09 +0800] "GET /MyCookieAndRequest/myServlet3 HTTP/1.1" 500 1962
127.0.0.1 - - [29/Nov/2018:21:51:41 +0800] "GET / HTTP/1.1" 200 11452
0:0:0:0:0:0:0:1 - - [29/Nov/2018:21:51:48 +0800] "GET /MyCookieAndRequest/myServlet3 HTTP/1.1" 200 8
127.0.0.1 - - [29/Nov/2018:21:53:25 +0800] "GET / HTTP/1.1" 200 11452
0:0:0:0:0:0:0:1 - - [29/Nov/2018:21:53:34 +0800] "GET /MyCookieAndRequest/myServlet3 HTTP/1.1" 200 30
0:0:0:0:0:0:0:1 - - [29/Nov/2018:21:53:39 +0800] "GET /MyCookieAndRequest/myServlet3 HTTP/1.1" 200 19
0:0:0:0:0:0:0:1 - - [29/Nov/2018:21:53:40 +0800] "GET /MyCookieAndRequest/myServlet3 HTTP/1.1" 200 19
0:0:0:0:0:0:0:1 - - [29/Nov/2018:21:53:41 +0800] "GET /MyCookieAndRequest/myServlet3 HTTP/1.1" 200 19
127.0.0.1 - - [29/Nov/2018:21:55:15 +0800] "GET / HTTP/1.1" 200 11452
0:0:0:0:0:0:0:1 - - [29/Nov/2018:21:55:22 +0800] "GET /MyCookieAndRequest/myServlet3 HTTP/1.1" 200 37
0:0:0:0:0:0:0:1 - - [29/Nov/2018:21:55:24 +0800] "GET /MyCookieAndRequest/myServlet3 HTTP/1.1" 200 37
0:0:0:0:0:0:0:1 - - [29/Nov/2018:21:55:30 +0800] "GET /MyCookieAndRequest/myServlet3 HTTP/1.1" 200 22
0:0:0:0:0:0:0:1 - - [29/Nov/2018:21:55:33 +0800] "GET /MyCookieAndRequest/myServlet3 HTTP/1.1" 200 37
0:0:0:0:0:0:0:1 - - [29/Nov/2018:21:55:33 +0800] "GET /favicon.ico HTTP/1.1" 304 -
0:0:0:0:0:0:0:1 - - [29/Nov/2018:21:55:35 +0800] "GET /MyCookieAndRequest/myServlet3 HTTP/1.1" 200 37
0:0:0:0:0:0:0:1 - - [29/Nov/2018:21:55:35 +0800] "GET /favicon.ico HTTP/1.1" 304 -
0:0:0:0:0:0:0:1 - - [29/Nov/2018:21:55:36 +0800] "GET /MyCookieAndRequest/myServlet3 HTTP/1.1" 200 37
0:0:0:0:0:0:0:1 - - [29/Nov/2018:21:55:36 +0800] "GET /favicon.ico HTTP/1.1" 304 -
0:0:0:0:0:0:0:1 - - [29/Nov/2018:21:55:36 +0800] "GET /MyCookieAndRequest/myServlet3 HTTP/1.1" 200 37
0:0:0:0:0:0:0:1 - - [29/Nov/2018:21:55:36 +0800] "GET /favicon.ico HTTP/1.1" 304 -
0:0:0:0:0:0:0:1 - - [29/Nov/2018:21:55:36 +0800] "GET /MyCookieAndRequest/myServlet3 HTTP/1.1" 200 37
0:0:0:0:0:0:0:1 - - [29/Nov/2018:21:55:36 +0800] "GET /favicon.ico HTTP/1.1" 304 -
0:0:0:0:0:0:0:1 - - [29/Nov/2018:21:55:37 +0800] "GET /MyCookieAndRequest/myServlet3 HTTP/1.1" 200 37
0:0:0:0:0:0:0:1 - - [29/Nov/2018:21:55:37 +0800] "GET /favicon.ico HTTP/1.1" 304 -
0:0:0:0:0:0:0:1 - - [29/Nov/2018:21:55:37 +0800] "GET /MyCookieAndRequest/myServlet3 HTTP/1.1" 200 37
0:0:0:0:0:0:0:1 - - [29/Nov/2018:21:55:37 +0800] "GET /favicon.ico HTTP/1.1" 304 -
0:0:0:0:0:0:0:1 - - [29/Nov/2018:21:55:37 +0800] "GET /MyCookieAndRequest/myServlet3 HTTP/1.1" 200 37
0:0:0:0:0:0:0:1 - - [29/Nov/2018:21:55:37 +0800] "GET /favicon.ico HTTP/1.1" 304 -
0:0:0:0:0:0:0:1 - - [29/Nov/2018:21:55:37 +0800] "GET /MyCookieAndRequest/myServlet3 HTTP/1.1" 200 37
0:0:0:0:0:0:0:1 - - [29/Nov/2018:21:55:37 +0800] "GET /favicon.ico HTTP/1.1" 304 -
0:0:0:0:0:0:0:1 - - [29/Nov/2018:21:55:37 +0800] "GET /MyCookieAndRequest/myServlet3 HTTP/1.1" 200 37
0:0:0:0:0:0:0:1 - - [29/Nov/2018:21:55:38 +0800] "GET /favicon.ico HTTP/1.1" 304 -
0:0:0:0:0:0:0:1 - - [29/Nov/2018:21:55:38 +0800] "GET /MyCookieAndRequest/myServlet3 HTTP/1.1" 200 37
0:0:0:0:0:0:0:1 - - [29/Nov/2018:21:55:38 +0800] "GET /favicon.ico HTTP/1.1" 304 -
0:0:0:0:0:0:0:1 - - [29/Nov/2018:21:55:38 +0800] "GET /MyCookieAndRequest/myServlet3 HTTP/1.1" 200 37
0:0:0:0:0:0:0:1 - - [29/Nov/2018:21:55:38 +0800] "GET /favicon.ico HTTP/1.1" 304 -
0:0:0:0:0:0:0:1 - - [29/Nov/2018:21:55:38 +0800] "GET /MyCookieAndRequest/myServlet3 HTTP/1.1" 200 37
0:0:0:0:0:0:0:1 - - [29/Nov/2018:21:55:38 +0800] "GET /favicon.ico HTTP/1.1" 304 -
0:0:0:0:0:0:0:1 - - [29/Nov/2018:21:55:38 +0800] "GET /MyCookieAndRequest/myServlet3 HTTP/1.1" 200 37
0:0:0:0:0:0:0:1 - - [29/Nov/2018:21:55:38 +0800] "GET /favicon.ico HTTP/1.1" 304 -
